// Vitest Snapshot v1, https://vitest.dev/guide/snapshot.html

exports[`rehypeCodeblockCopy > should add a copy button to code blocks 1`] = `
"<h1>ABC</h1>
<pre class="copy-code-pre"><code class="language-ts">console.log("Hello, world!");
</code><copy-button></copy-button></pre>"
`;

exports[`rehypeCodeblockCopy > should not add button to non-code blocks 1`] = `
"<h1>abc</h1>
<p>a <code>inline</code> code block</p>"
`;

exports[`rehypeCodeblockCopy > should work with shiki 1`] = `
"<pre class="shiki catppuccin-macchiato copy-code-pre" style="background-color:#24273a;color:#cad3f5" tabindex="0"><code><span class="line"><span style="color:#CAD3F5">console</span><span style="color:#8BD5CA">.</span><span style="color:#8AADF4;font-style:italic">log</span><span style="color:#CAD3F5">(</span><span style="color:#A6DA95">"Hello, world!"</span><span style="color:#CAD3F5">)</span><span style="color:#939AB7">;</span></span>
<span class="line"><span style="color:#939AB7;font-style:italic">// comment</span></span></code><copy-button></copy-button></pre>"
`;
