// Vitest Snapshot v1, https://vitest.dev/guide/snapshot.html

exports[`admin get comments > should return comments 1`] = `
[
  {
    "anonymousName": null,
    "children": [
      {
        "anonymousName": null,
        "content": "1 reply to 1",
        "createdAt": 1970-01-01T00:00:15.000Z,
        "displayName": "user",
        "id": 1000,
        "parentId": 1,
        "path": "/",
        "replyToId": 1,
        "updatedAt": 2000-01-01T00:00:00.000Z,
        "userAgent": null,
        "userEmail": "user@example.com",
        "userId": "2",
        "userImage": "https://www.gravatar.com/avatar/b58996c504c5638798eb6b511e6f49af?s=200&d=identicon&r=g",
        "userIp": null,
        "userName": "user",
        "visitorEmail": null,
        "visitorName": null,
      },
      {
        "anonymousName": null,
        "content": "2 reply to 1",
        "createdAt": 1970-01-01T00:00:50.000Z,
        "displayName": "visitor 5",
        "id": 1001,
        "parentId": 1,
        "path": "/",
        "replyToId": 1,
        "updatedAt": 2000-01-01T00:00:00.000Z,
        "userAgent": null,
        "userEmail": null,
        "userId": null,
        "userImage": "https://www.gravatar.com/avatar/d41d8cd98f00b204e9800998ecf8427e?s=200&d=identicon&r=g",
        "userIp": null,
        "userName": null,
        "visitorEmail": null,
        "visitorName": "visitor 5",
      },
      {
        "anonymousName": null,
        "content": "1 reply to 1 reply to 1",
        "createdAt": 1970-01-01T00:01:00.000Z,
        "displayName": "user",
        "id": 1002,
        "parentId": 1,
        "path": "/",
        "replyToId": 1000,
        "updatedAt": 2000-01-01T00:00:00.000Z,
        "userAgent": null,
        "userEmail": "user@example.com",
        "userId": "2",
        "userImage": "https://www.gravatar.com/avatar/b58996c504c5638798eb6b511e6f49af?s=200&d=identicon&r=g",
        "userIp": null,
        "userName": "user",
        "visitorEmail": null,
        "visitorName": null,
      },
    ],
    "content": "comment 1",
    "createdAt": 1970-01-01T00:00:10.000Z,
    "displayName": "admin",
    "id": 1,
    "parentId": null,
    "path": "/",
    "replyToId": null,
    "updatedAt": 2000-01-01T00:00:00.000Z,
    "userAgent": null,
    "userEmail": "admin@example.com",
    "userId": "1",
    "userImage": "https://www.gravatar.com/avatar/e64c7d89f26bd1972efa854d13d7dd61?s=200&d=identicon&r=g",
    "userIp": null,
    "userName": "admin",
    "visitorEmail": null,
    "visitorName": null,
  },
  {
    "anonymousName": null,
    "children": [],
    "content": "comment 2",
    "createdAt": 1970-01-01T00:00:20.000Z,
    "displayName": "user",
    "id": 2,
    "parentId": null,
    "path": "/",
    "replyToId": null,
    "updatedAt": 2000-01-01T00:00:00.000Z,
    "userAgent": null,
    "userEmail": "user@example.com",
    "userId": "2",
    "userImage": "https://www.gravatar.com/avatar/b58996c504c5638798eb6b511e6f49af?s=200&d=identicon&r=g",
    "userIp": null,
    "userName": "user",
    "visitorEmail": null,
    "visitorName": null,
  },
  {
    "anonymousName": null,
    "children": [],
    "content": "comment 3",
    "createdAt": 1970-01-01T00:00:30.000Z,
    "displayName": "visitor 3",
    "id": 3,
    "parentId": null,
    "path": "/",
    "replyToId": null,
    "updatedAt": 2000-01-01T00:00:00.000Z,
    "userAgent": null,
    "userEmail": null,
    "userId": null,
    "userImage": "https://www.gravatar.com/avatar/d41d8cd98f00b204e9800998ecf8427e?s=200&d=identicon&r=g",
    "userIp": null,
    "userName": null,
    "visitorEmail": null,
    "visitorName": "visitor 3",
  },
  {
    "anonymousName": null,
    "children": [],
    "content": "comment 4",
    "createdAt": 1970-01-01T00:00:40.000Z,
    "displayName": "visitor 4",
    "id": 4,
    "parentId": null,
    "path": "/",
    "replyToId": null,
    "updatedAt": 2000-01-01T00:00:00.000Z,
    "userAgent": null,
    "userEmail": null,
    "userId": null,
    "userImage": "https://www.gravatar.com/avatar/d41d8cd98f00b204e9800998ecf8427e?s=200&d=identicon&r=g",
    "userIp": null,
    "userName": null,
    "visitorEmail": null,
    "visitorName": "visitor 4",
  },
]
`;
